<html>
<body>
<pre>
<h1>礦ision Build Log</h1>
<h2>Tool Versions:</h2>
IDE-Version: μVision V5.31.0.0
Copyright (C) 2020 ARM Ltd and ARM Germany GmbH. All rights reserved.
License Information: zhang dong, tjzd.edu, LIC=KRMW3-AD4US-SBGEJ-U56G0-5FI8H-9HI8S
 
Tool Versions:
Toolchain:       MDK-ARM Plus  Version: 5.31.0.0
Toolchain Path:  D:\Keil_v5\ARM\ARMCC\Bin
C Compiler:      Armcc.exe V5.06 update 6 (build 750)
Assembler:       Armasm.exe V5.06 update 6 (build 750)
Linker/Locator:  ArmLink.exe V5.06 update 6 (build 750)
Library Manager: ArmAr.exe V5.06 update 6 (build 750)
Hex Converter:   FromElf.exe V5.06 update 6 (build 750)
CPU DLL:         SARMCM3.DLL V5.31.0.0
Dialog DLL:      DCM.DLL V1.17.3.0
Target DLL:      STLink\ST-LINKIII-KEIL_SWO.dll V3.0.7.0
Dialog DLL:      TCM.DLL V1.46.0.0
 
<h2>Project:</h2>
E:\3C_项目工程\2020-四位辉光钟\STM32Project\MDK-ARM\VFDMeter.uvprojx
Project File Date:  09/30/2020

<h2>Output:</h2>
*** Using Compiler 'V5.06 update 6 (build 750)', folder: 'D:\Keil_v5\ARM\ARMCC\Bin'
Build target 'VFDMeter'
compiling nixie.c...
..\Application\Hardware\src\nixie.c(35): warning:  #61-D: integer operation result is out of range
  	NT_OUT(0);
..\Application\Hardware\src\nixie.c(35): warning:  #68-D: integer conversion resulted in a change of sign
  	NT_OUT(0);
..\Application\Hardware\src\nixie.c: 2 warnings, 0 errors
compiling VFDApp.c...
..\Application\Hardware\inc\DS3231.h(6): warning:  #47-D: incompatible redefinition of macro "u8"  (declared at line 7 of "..\Application\Hardware\inc\oled.h")
  #define u8  unsigned char
..\Application\Hardware\inc\DS3231.h(7): warning:  #47-D: incompatible redefinition of macro "u16"  (declared at line 8 of "..\Application\Hardware\inc\oled.h")
  #define u16 unsigned int
..\Application\VFDApp\src\VFDApp.c(139): warning:  #177-D: variable "temp"  was declared but never referenced
  		uint8_t temp[30];
..\Application\VFDApp\src\VFDApp.c(167): warning:  #188-D: enumerated type mixed with another type
  				VFDDisMod = (VFDDisMod == CLOSE) ? NTIME : VFDDisMod + 1;
..\Application\VFDApp\src\VFDApp.c(172): warning:  #188-D: enumerated type mixed with another type
  				VFDDisMod = (VFDDisMod == NTIME) ? CLOSE : VFDDisMod - 1;
..\Application\VFDApp\src\VFDApp.c(294): warning:  #223-D: function "memcpy" declared implicitly
  		memcpy(&timeVal,&TimeValue,sizeof(Time_Typedef));
..\Application\VFDApp\src\VFDApp.c(329): warning:  #111-D: statement is unreachable
  				case 3:timeVal.minute = ((timeVal.minute%10) == 9)?(timeVal.minute/10)*10:timeVal.minute+1;break;break;
..\Application\VFDApp\src\VFDApp.c(330): warning:  #111-D: statement is unreachable
  				case 4:timeVal.second = ((timeVal.second/10) == 5)?timeVal.second%10:timeVal.second+10;break;break;
..\Application\VFDApp\src\VFDApp.c(412): warning:  #223-D: function "memcpy" declared implicitly
  		memcpy(&timeVal,&TimeValue,sizeof(Time_Typedef));
..\Application\VFDApp\src\VFDApp.c(532): warning:  #223-D: function "memcpy" declared implicitly
  		memcpy(&timeVal,&TimeValue,sizeof(Time_Typedef));
..\Application\VFDApp\src\VFDApp.c(535): warning:  #167-D: argument of type "uint8_t *" is incompatible with parameter of type "char *restrict"
  	sprintf(str,"    %02d:%02d:%02d",timeVal.hour,timeVal.minute,timeVal.second);
..\Application\VFDApp\src\VFDApp.c(536): warning:  #167-D: argument of type "uint8_t *" is incompatible with parameter of type "char *restrict"
  	sprintf(str,"    Week:%d",timeVal.week);
..\Application\VFDApp\src\VFDApp.c(730): warning:  #1-D: last line of file ends without a newline
  }
..\Application\VFDApp\src\VFDApp.c: 13 warnings, 0 errors
linking...
Program Size: Code=18634 RO-data=1366 RW-data=624 ZI-data=1224  
FromELF: creating hex file...
"VFDMeter\VFDMeter.axf" - 0 Error(s), 15 Warning(s).

<h2>Software Packages used:</h2>

Package Vendor: ARM
                http://www.keil.com/pack/ARM.CMSIS.5.7.0.pack
                ARM.CMSIS.5.7.0
                CMSIS (Cortex Microcontroller Software Interface Standard)
   * Component: CORE Version: 5.4.0

Package Vendor: Keil
                http://www.keil.com/pack/Keil.STM32F1xx_DFP.2.3.0.pack
                Keil.STM32F1xx_DFP.2.3.0
                STMicroelectronics STM32F1 Series Device Support, Drivers and Examples

<h2>Collection of Component include folders:</h2>
  .\RTE\_VFDMeter
  D:\Users\17122\AppData\Local\Arm\Packs\ARM\CMSIS\5.7.0\CMSIS\Core\Include
  D:\Users\17122\AppData\Local\Arm\Packs\Keil\STM32F1xx_DFP\2.3.0\Device\Include

<h2>Collection of Component Files used:</h2>

   * Component: ARM::CMSIS:CORE:5.4.0
Build Time Elapsed:  00:00:02
</pre>
</body>
</html>
